GHOST/Wayland: error: XDG_RUNTIME_DIR is invalid or not set in the environment.
/home/hatch/workspace/tools/blender/blender-4.0.2-linux-x64/blender() [0xf3a7b0]
/lib/x86_64-linux-gnu/libwayland-client.so.0(+0x598e) [0x70b72584d98e]
/lib/x86_64-linux-gnu/libwayland-client.so.0(wl_display_connect+0x36f) [0x70b725852aef]
/home/hatch/workspace/tools/blender/blender-4.0.2-linux-x64/blender() [0x27c5d4a]
/home/hatch/workspace/tools/blender/blender-4.0.2-linux-x64/blender() [0x27b0d8e]
/home/hatch/workspace/tools/blender/blender-4.0.2-linux-x64/blender() [0x27b0ebc]
/home/hatch/workspace/tools/blender/blender-4.0.2-linux-x64/blender() [0x27af449]
/home/hatch/workspace/tools/blender/blender-4.0.2-linux-x64/blender() [0xf792f5]
/home/hatch/workspace/tools/blender/blender-4.0.2-linux-x64/blender() [0xf61ca5]
/home/hatch/workspace/tools/blender/blender-4.0.2-linux-x64/blender() [0x111f935]
/home/hatch/workspace/tools/blender/blender-4.0.2-linux-x64/blender() [0x1cf0dd9]
/home/hatch/workspace/tools/blender/blender-4.0.2-linux-x64/blender() [0x1cf1877]
/home/hatch/workspace/tools/blender/blender-4.0.2-linux-x64/blender() [0x1cf5b84]
/home/hatch/workspace/tools/blender/blender-4.0.2-linux-x64/blender() [0x1cf8874]
/home/hatch/workspace/tools/blender/blender-4.0.2-linux-x64/blender() [0x1cf91a9]
/home/hatch/workspace/tools/blender/blender-4.0.2-linux-x64/blender() [0x1b7d921]
/home/hatch/workspace/tools/blender/blender-4.0.2-linux-x64/blender() [0xf4faaa]
/home/hatch/workspace/tools/blender/blender-4.0.2-linux-x64/blender() [0xf50628]
/home/hatch/workspace/tools/blender/blender-4.0.2-linux-x64/blender() [0x1543a97]
/home/hatch/workspace/tools/blender/blender-4.0.2-linux-x64/blender() [0x83dc50]
/home/hatch/workspace/tools/blender/blender-4.0.2-linux-x64/blender(_PyObject_MakeTpCall+0x7b) [0x81868b]
/home/hatch/workspace/tools/blender/blender-4.0.2-linux-x64/blender(_PyEval_EvalFrameDefault+0x53cc) [0x87925c]
/home/hatch/workspace/tools/blender/blender-4.0.2-linux-x64/blender() [0x8730a2]
/home/hatch/workspace/tools/blender/blender-4.0.2-linux-x64/blender(_PyObject_Call_Prepend+0x1c8) [0x8192f8]
/home/hatch/workspace/tools/blender/blender-4.0.2-linux-x64/blender() [0x850af00]
/home/hatch/workspace/tools/blender/blender-4.0.2-linux-x64/blender(_PyObject_MakeTpCall+0x216) [0x818826]
/home/hatch/workspace/tools/blender/blender-4.0.2-linux-x64/blender(_PyEval_EvalFrameDefault+0x5c08) [0x879a98]
/home/hatch/workspace/tools/blender/blender-4.0.2-linux-x64/blender() [0x8730a2]
/home/hatch/workspace/tools/blender/blender-4.0.2-linux-x64/blender(PyEval_EvalCode+0x82) [0x8519852]
/home/hatch/workspace/tools/blender/blender-4.0.2-linux-x64/blender() [0x852d154]
/home/hatch/workspace/tools/blender/blender-4.0.2-linux-x64/blender() [0x852d0db]
/home/hatch/workspace/tools/blender/blender-4.0.2-linux-x64/blender() [0x6b9502]
/home/hatch/workspace/tools/blender/blender-4.0.2-linux-x64/blender(PyRun_FileExFlags+0x50) [0x6ba7b1]
/home/hatch/workspace/tools/blender/blender-4.0.2-linux-x64/blender() [0x152ac41]
/home/hatch/workspace/tools/blender/blender-4.0.2-linux-x64/blender() [0x8c19c5]
/home/hatch/workspace/tools/blender/blender-4.0.2-linux-x64/blender() [0xf41b31]
/home/hatch/workspace/tools/blender/blender-4.0.2-linux-x64/blender() [0x72518f]
/lib/x86_64-linux-gnu/libc.so.6(+0x2a1ca) [0x70b725b991ca]
/lib/x86_64-linux-gnu/libc.so.6(__libc_start_main+0x8b) [0x70b725b9928b]
/home/hatch/workspace/tools/blender/blender-4.0.2-linux-x64/blender() [0x8c022e]
EGL Error (0x3001): EGL_NOT_INITIALIZED: EGL is not initialized, or could not be initialized, for the specified EGL display connection.

Managed to successfully fallback to surfaceless EGL rendering!

EGL Error (0x3009): EGL_BAD_MATCH: Arguments are inconsistent (for example, a valid context requires buffers not supplied by a valid surface).
EGL Error (0x3001): EGL_NOT_INITIALIZED: EGL is not initialized, or could not be initialized, for the specified EGL display connection.

Managed to successfully fallback to surfaceless EGL rendering!

Blender 4.0.2 (hash 9be62e85b727 built 2023-12-05 08:48:50)
Fra:1 Mem:69.00M (Peak 70.08M) | Time:00:01.78 | Syncing Cube
Fra:1 Mem:69.03M (Peak 70.08M) | Time:00:02.20 | Syncing Camera
Fra:1 Mem:69.03M (Peak 70.08M) | Time:00:02.20 | Syncing Empty
Fra:1 Mem:69.03M (Peak 70.08M) | Time:00:02.20 | Syncing Sketchfab_model
Fra:1 Mem:69.03M (Peak 70.08M) | Time:00:02.20 | Syncing root
Fra:1 Mem:69.03M (Peak 70.08M) | Time:00:02.20 | Syncing GLTF_SceneRootNode
Fra:1 Mem:69.03M (Peak 70.08M) | Time:00:02.20 | Syncing M_A_Pierce_14
Fra:1 Mem:69.03M (Peak 70.08M) | Time:00:02.20 | Syncing M_Body_0
Fra:1 Mem:69.03M (Peak 70.08M) | Time:00:02.20 | Syncing M_Brassiere_15
Fra:1 Mem:69.03M (Peak 70.08M) | Time:00:02.20 | Syncing M_EYE_1
Fra:1 Mem:69.03M (Peak 70.08M) | Time:00:02.20 | Syncing M_Hair_16
Fra:1 Mem:69.03M (Peak 70.08M) | Time:00:02.20 | Syncing M_Head_2
Fra:1 Mem:69.03M (Peak 70.08M) | Time:00:02.20 | Syncing M_Head_Caruncle_3
Fra:1 Mem:69.03M (Peak 70.08M) | Time:00:02.20 | Syncing M_Jacket_17
Fra:1 Mem:69.03M (Peak 70.08M) | Time:00:02.20 | Syncing M_L_A_Acce_18
Fra:1 Mem:69.03M (Peak 70.08M) | Time:00:02.20 | Syncing M_L_Wrist_19
Fra:1 Mem:69.03M (Peak 70.08M) | Time:00:02.20 | Syncing M_MouthBag_4
Fra:1 Mem:69.03M (Peak 70.08M) | Time:00:02.20 | Syncing M_Pierce_8
Fra:1 Mem:69.03M (Peak 70.08M) | Time:00:02.20 | Syncing M_R_Wrist_9
Fra:1 Mem:69.03M (Peak 70.08M) | Time:00:02.20 | Syncing M_Shoes_10
Fra:1 Mem:69.03M (Peak 70.08M) | Time:00:02.20 | Syncing M_Teeth_5
Fra:1 Mem:69.03M (Peak 70.08M) | Time:00:02.20 | Syncing M_Tights_11
Fra:1 Mem:69.03M (Peak 70.08M) | Time:00:02.20 | Syncing M_Tongue_6
Fra:1 Mem:69.03M (Peak 70.08M) | Time:00:02.20 | Syncing M_transB_eyelash_7
Fra:1 Mem:69.03M (Peak 70.08M) | Time:00:02.20 | Syncing M_U_Acce_12
Fra:1 Mem:69.03M (Peak 70.08M) | Time:00:02.20 | Syncing S_Hair_13
Fra:1 Mem:69.04M (Peak 70.08M) | Time:00:02.20 | Syncing Object_4
Fra:1 Mem:76.61M (Peak 80.06M) | Time:00:03.50 | Syncing Object_14
Fra:1 Mem:77.56M (Peak 80.06M) | Time:00:03.51 | Syncing Object_16
Fra:1 Mem:77.63M (Peak 80.06M) | Time:00:03.51 | Syncing Object_20
Fra:1 Mem:77.81M (Peak 80.06M) | Time:00:03.86 | Syncing Object_24
Fra:1 Mem:86.78M (Peak 86.83M) | Time:00:04.60 | Syncing Object_26
Fra:1 Mem:95.90M (Peak 97.12M) | Time:00:05.74 | Syncing Object_36
Fra:1 Mem:100.82M (Peak 103.93M) | Time:00:06.72 | Syncing Object_38
Fra:1 Mem:110.47M (Peak 112.43M) | Time:00:07.74 | Syncing MixamoRig
Fra:1 Mem:110.47M (Peak 112.43M) | Time:00:07.74 | Syncing Object_10
Fra:1 Mem:110.56M (Peak 112.43M) | Time:00:07.74 | Syncing Object_12
Fra:1 Mem:110.64M (Peak 112.43M) | Time:00:07.77 | Syncing Object_18
Fra:1 Mem:111.25M (Peak 112.43M) | Time:00:08.17 | Syncing Object_22
Fra:1 Mem:119.36M (Peak 119.36M) | Time:00:08.70 | Syncing Object_28
Fra:1 Mem:127.57M (Peak 127.57M) | Time:00:09.49 | Syncing Object_30
Fra:1 Mem:127.60M (Peak 127.60M) | Time:00:09.50 | Syncing Object_32
Fra:1 Mem:127.64M (Peak 127.64M) | Time:00:09.51 | Syncing Object_34
Fra:1 Mem:132.45M (Peak 133.20M) | Time:00:10.09 | Syncing Object_40
Fra:1 Mem:132.47M (Peak 133.20M) | Time:00:10.10 | Syncing Object_42
Fra:1 Mem:140.57M (Peak 140.57M) | Time:00:11.04 | Syncing Object_6
Fra:1 Mem:142.77M (Peak 142.77M) | Time:00:11.34 | Syncing Object_8
Fra:1 Mem:151.96M (Peak 153.10M) | Time:00:12.61 | Syncing TheoryLocsRig
Fra:1 Mem:151.97M (Peak 153.10M) | Time:00:12.61 | Syncing Gradient Dreads_Baked
Fra:1 Mem:155.10M (Peak 155.10M) | Time:00:12.73 | Syncing bead
Fra:1 Mem:151.40M (Peak 155.10M) | Time:00:12.79 | Rendering 1 / 24 samples
Fra:1 Mem:142.39M (Peak 155.10M) | Time:00:58.96 | Rendering 24 / 24 samples
Saved: 'public/models/hair/qc/hair_theory_locs_beads_astrid_front.png'
Time: 01:01.77 (Saving: 00:01.56)

Fra:1 Mem:140.94M (Peak 140.94M) | Time:00:00.56 | Syncing Cube
Fra:1 Mem:140.94M (Peak 140.94M) | Time:00:00.56 | Syncing Camera
Fra:1 Mem:140.94M (Peak 140.94M) | Time:00:00.56 | Syncing Empty
Fra:1 Mem:140.94M (Peak 140.94M) | Time:00:00.56 | Syncing Sketchfab_model
Fra:1 Mem:140.94M (Peak 140.94M) | Time:00:00.56 | Syncing root
Fra:1 Mem:140.94M (Peak 140.94M) | Time:00:00.56 | Syncing GLTF_SceneRootNode
Fra:1 Mem:140.94M (Peak 140.94M) | Time:00:00.56 | Syncing M_A_Pierce_14
Fra:1 Mem:140.94M (Peak 140.94M) | Time:00:00.56 | Syncing M_Body_0
Fra:1 Mem:140.94M (Peak 140.94M) | Time:00:00.56 | Syncing M_Brassiere_15
Fra:1 Mem:140.94M (Peak 140.94M) | Time:00:00.56 | Syncing M_EYE_1
Fra:1 Mem:140.94M (Peak 140.94M) | Time:00:00.56 | Syncing M_Hair_16
Fra:1 Mem:140.94M (Peak 140.94M) | Time:00:00.56 | Syncing M_Head_2
Fra:1 Mem:140.94M (Peak 140.94M) | Time:00:00.56 | Syncing M_Head_Caruncle_3
Fra:1 Mem:140.94M (Peak 140.94M) | Time:00:00.56 | Syncing M_Jacket_17
Fra:1 Mem:140.94M (Peak 140.94M) | Time:00:00.56 | Syncing M_L_A_Acce_18
Fra:1 Mem:140.94M (Peak 140.94M) | Time:00:00.56 | Syncing M_L_Wrist_19
Fra:1 Mem:140.94M (Peak 140.94M) | Time:00:00.56 | Syncing M_MouthBag_4
Fra:1 Mem:140.94M (Peak 140.94M) | Time:00:00.56 | Syncing M_Pierce_8
Fra:1 Mem:140.94M (Peak 140.94M) | Time:00:00.56 | Syncing M_R_Wrist_9
Fra:1 Mem:140.94M (Peak 140.94M) | Time:00:00.56 | Syncing M_Shoes_10
Fra:1 Mem:140.94M (Peak 140.94M) | Time:00:00.56 | Syncing M_Teeth_5
Fra:1 Mem:140.94M (Peak 140.94M) | Time:00:00.56 | Syncing M_Tights_11
Fra:1 Mem:140.94M (Peak 140.94M) | Time:00:00.56 | Syncing M_Tongue_6
Fra:1 Mem:140.94M (Peak 140.94M) | Time:00:00.56 | Syncing M_transB_eyelash_7
Fra:1 Mem:140.94M (Peak 140.94M) | Time:00:00.56 | Syncing M_U_Acce_12
Fra:1 Mem:140.94M (Peak 140.94M) | Time:00:00.56 | Syncing S_Hair_13
Fra:1 Mem:140.95M (Peak 140.95M) | Time:00:00.56 | Syncing Object_4
Fra:1 Mem:144.14M (Peak 148.11M) | Time:00:00.73 | Syncing Object_14
Fra:1 Mem:144.96M (Peak 148.11M) | Time:00:00.76 | Syncing Object_16
Fra:1 Mem:145.03M (Peak 148.11M) | Time:00:00.76 | Syncing Object_20
Fra:1 Mem:145.18M (Peak 148.11M) | Time:00:00.76 | Syncing Object_24
Fra:1 Mem:146.04M (Peak 148.11M) | Time:00:00.82 | Syncing Object_26
Fra:1 Mem:147.02M (Peak 148.31M) | Time:00:00.86 | Syncing Object_36
Fra:1 Mem:147.82M (Peak 148.31M) | Time:00:00.90 | Syncing Object_38
Fra:1 Mem:149.29M (Peak 150.87M) | Time:00:01.00 | Syncing MixamoRig
Fra:1 Mem:149.29M (Peak 150.87M) | Time:00:01.03 | Syncing Object_10
Fra:1 Mem:149.38M (Peak 150.87M) | Time:00:01.03 | Syncing Object_12
Fra:1 Mem:149.46M (Peak 150.87M) | Time:00:01.04 | Syncing Object_18
Fra:1 Mem:149.55M (Peak 150.87M) | Time:00:01.06 | Syncing Object_22
Fra:1 Mem:149.62M (Peak 150.87M) | Time:00:01.08 | Syncing Object_28
Fra:1 Mem:149.81M (Peak 150.87M) | Time:00:01.11 | Syncing Object_30
Fra:1 Mem:149.84M (Peak 150.87M) | Time:00:01.13 | Syncing Object_32
Fra:1 Mem:149.88M (Peak 150.87M) | Time:00:01.13 | Syncing Object_34
Fra:1 Mem:150.65M (Peak 151.41M) | Time:00:01.18 | Syncing Object_40
Fra:1 Mem:150.67M (Peak 151.41M) | Time:00:01.18 | Syncing Object_42
Fra:1 Mem:150.75M (Peak 151.41M) | Time:00:01.18 | Syncing Object_6
Fra:1 Mem:150.92M (Peak 151.41M) | Time:00:01.20 | Syncing Object_8
Fra:1 Mem:152.07M (Peak 153.20M) | Time:00:01.36 | Syncing TheoryLocsRig
Fra:1 Mem:152.07M (Peak 153.20M) | Time:00:01.36 | Syncing Gradient Dreads_Baked
Fra:1 Mem:155.11M (Peak 155.11M) | Time:00:01.45 | Syncing bead
Fra:1 Mem:151.41M (Peak 155.11M) | Time:00:01.54 | Rendering 1 / 24 samples
Fra:1 Mem:142.34M (Peak 155.11M) | Time:00:43.07 | Rendering 24 / 24 samples
Saved: 'public/models/hair/qc/hair_theory_locs_beads_astrid_side.png'
Time: 00:45.16 (Saving: 00:00.61)

Data are loaded, start creating Blender stuff
glTF import finished in 0.71s
CHAR public/models/cast/ASTRID.glb headbone Head at (-0.0, -0.045, 1.523)
Data are loaded, start creating Blender stuff
glTF import finished in 0.23s
wrote public/models/hair/qc/hair_theory_locs_beads_astrid_front.png
wrote public/models/hair/qc/hair_theory_locs_beads_astrid_side.png

Blender quit
