GHOST/Wayland: error: XDG_RUNTIME_DIR is invalid or not set in the environment.
/home/hatch/workspace/tools/blender/blender-4.0.2-linux-x64/blender() [0xf3a7b0]
/lib/x86_64-linux-gnu/libwayland-client.so.0(+0x598e) [0x70f2940f498e]
/lib/x86_64-linux-gnu/libwayland-client.so.0(wl_display_connect+0x36f) [0x70f2940f9aef]
/home/hatch/workspace/tools/blender/blender-4.0.2-linux-x64/blender() [0x27c5d4a]
/home/hatch/workspace/tools/blender/blender-4.0.2-linux-x64/blender() [0x27b0d8e]
/home/hatch/workspace/tools/blender/blender-4.0.2-linux-x64/blender() [0x27b0ebc]
/home/hatch/workspace/tools/blender/blender-4.0.2-linux-x64/blender() [0x27af449]
/home/hatch/workspace/tools/blender/blender-4.0.2-linux-x64/blender() [0xf792f5]
/home/hatch/workspace/tools/blender/blender-4.0.2-linux-x64/blender() [0xf61ca5]
/home/hatch/workspace/tools/blender/blender-4.0.2-linux-x64/blender() [0x111f935]
/home/hatch/workspace/tools/blender/blender-4.0.2-linux-x64/blender() [0x1cf0dd9]
/home/hatch/workspace/tools/blender/blender-4.0.2-linux-x64/blender() [0x1cf1877]
/home/hatch/workspace/tools/blender/blender-4.0.2-linux-x64/blender() [0x1cf5b84]
/home/hatch/workspace/tools/blender/blender-4.0.2-linux-x64/blender() [0x1cf8874]
/home/hatch/workspace/tools/blender/blender-4.0.2-linux-x64/blender() [0x1cf91a9]
/home/hatch/workspace/tools/blender/blender-4.0.2-linux-x64/blender() [0x1b7d921]
/home/hatch/workspace/tools/blender/blender-4.0.2-linux-x64/blender() [0xf4faaa]
/home/hatch/workspace/tools/blender/blender-4.0.2-linux-x64/blender() [0xf50628]
/home/hatch/workspace/tools/blender/blender-4.0.2-linux-x64/blender() [0x1543a97]
/home/hatch/workspace/tools/blender/blender-4.0.2-linux-x64/blender() [0x83dc50]
/home/hatch/workspace/tools/blender/blender-4.0.2-linux-x64/blender(_PyObject_MakeTpCall+0x7b) [0x81868b]
/home/hatch/workspace/tools/blender/blender-4.0.2-linux-x64/blender(_PyEval_EvalFrameDefault+0x53cc) [0x87925c]
/home/hatch/workspace/tools/blender/blender-4.0.2-linux-x64/blender() [0x8730a2]
/home/hatch/workspace/tools/blender/blender-4.0.2-linux-x64/blender(_PyObject_Call_Prepend+0x1c8) [0x8192f8]
/home/hatch/workspace/tools/blender/blender-4.0.2-linux-x64/blender() [0x850af00]
/home/hatch/workspace/tools/blender/blender-4.0.2-linux-x64/blender(_PyObject_MakeTpCall+0x216) [0x818826]
/home/hatch/workspace/tools/blender/blender-4.0.2-linux-x64/blender(_PyEval_EvalFrameDefault+0x5c08) [0x879a98]
/home/hatch/workspace/tools/blender/blender-4.0.2-linux-x64/blender() [0x8730a2]
/home/hatch/workspace/tools/blender/blender-4.0.2-linux-x64/blender(PyEval_EvalCode+0x82) [0x8519852]
/home/hatch/workspace/tools/blender/blender-4.0.2-linux-x64/blender() [0x852d154]
/home/hatch/workspace/tools/blender/blender-4.0.2-linux-x64/blender() [0x852d0db]
/home/hatch/workspace/tools/blender/blender-4.0.2-linux-x64/blender() [0x6b9502]
/home/hatch/workspace/tools/blender/blender-4.0.2-linux-x64/blender(PyRun_FileExFlags+0x50) [0x6ba7b1]
/home/hatch/workspace/tools/blender/blender-4.0.2-linux-x64/blender() [0x152ac41]
/home/hatch/workspace/tools/blender/blender-4.0.2-linux-x64/blender() [0x8c19c5]
/home/hatch/workspace/tools/blender/blender-4.0.2-linux-x64/blender() [0xf41b31]
/home/hatch/workspace/tools/blender/blender-4.0.2-linux-x64/blender() [0x72518f]
/lib/x86_64-linux-gnu/libc.so.6(+0x2a1ca) [0x70f295f991ca]
/lib/x86_64-linux-gnu/libc.so.6(__libc_start_main+0x8b) [0x70f295f9928b]
/home/hatch/workspace/tools/blender/blender-4.0.2-linux-x64/blender() [0x8c022e]
EGL Error (0x3001): EGL_NOT_INITIALIZED: EGL is not initialized, or could not be initialized, for the specified EGL display connection.

Managed to successfully fallback to surfaceless EGL rendering!

EGL Error (0x3009): EGL_BAD_MATCH: Arguments are inconsistent (for example, a valid context requires buffers not supplied by a valid surface).
EGL Error (0x3001): EGL_NOT_INITIALIZED: EGL is not initialized, or could not be initialized, for the specified EGL display connection.

Managed to successfully fallback to surfaceless EGL rendering!

Blender 4.0.2 (hash 9be62e85b727 built 2023-12-05 08:48:50)
Fra:1 Mem:61.52M (Peak 62.61M) | Time:00:03.34 | Syncing Cube
Fra:1 Mem:61.56M (Peak 62.61M) | Time:00:04.10 | Syncing Camera
Fra:1 Mem:61.56M (Peak 62.61M) | Time:00:04.10 | Syncing Empty
Fra:1 Mem:61.56M (Peak 62.61M) | Time:00:04.10 | Syncing Sketchfab_model
Fra:1 Mem:61.56M (Peak 62.61M) | Time:00:04.10 | Syncing root
Fra:1 Mem:61.56M (Peak 62.61M) | Time:00:04.10 | Syncing GLTF_SceneRootNode
Fra:1 Mem:61.56M (Peak 62.61M) | Time:00:04.10 | Syncing M_A_Pierce_14
Fra:1 Mem:61.56M (Peak 62.61M) | Time:00:04.10 | Syncing M_Body_0
Fra:1 Mem:61.56M (Peak 62.61M) | Time:00:04.10 | Syncing M_Brassiere_15
Fra:1 Mem:61.56M (Peak 62.61M) | Time:00:04.10 | Syncing M_EYE_1
Fra:1 Mem:61.56M (Peak 62.61M) | Time:00:04.10 | Syncing M_Hair_16
Fra:1 Mem:61.56M (Peak 62.61M) | Time:00:04.10 | Syncing M_Head_2
Fra:1 Mem:61.56M (Peak 62.61M) | Time:00:04.10 | Syncing M_Head_Caruncle_3
Fra:1 Mem:61.56M (Peak 62.61M) | Time:00:04.10 | Syncing M_Jacket_17
Fra:1 Mem:61.56M (Peak 62.61M) | Time:00:04.10 | Syncing M_L_A_Acce_18
Fra:1 Mem:61.56M (Peak 62.61M) | Time:00:04.10 | Syncing M_L_Wrist_19
Fra:1 Mem:61.56M (Peak 62.61M) | Time:00:04.10 | Syncing M_MouthBag_4
Fra:1 Mem:61.56M (Peak 62.61M) | Time:00:04.10 | Syncing M_Pierce_8
Fra:1 Mem:61.56M (Peak 62.61M) | Time:00:04.10 | Syncing M_R_Wrist_9
Fra:1 Mem:61.56M (Peak 62.61M) | Time:00:04.10 | Syncing M_Shoes_10
Fra:1 Mem:61.56M (Peak 62.61M) | Time:00:04.10 | Syncing M_Teeth_5
Fra:1 Mem:61.56M (Peak 62.61M) | Time:00:04.10 | Syncing M_Tights_11
Fra:1 Mem:61.56M (Peak 62.61M) | Time:00:04.10 | Syncing M_Tongue_6
Fra:1 Mem:61.56M (Peak 62.61M) | Time:00:04.10 | Syncing M_transB_eyelash_7
Fra:1 Mem:61.56M (Peak 62.61M) | Time:00:04.10 | Syncing M_U_Acce_12
Fra:1 Mem:61.56M (Peak 62.61M) | Time:00:04.10 | Syncing S_Hair_13
Fra:1 Mem:61.56M (Peak 62.61M) | Time:00:04.10 | Syncing Object_4
Fra:1 Mem:69.14M (Peak 73.35M) | Time:00:06.01 | Syncing Object_14
Fra:1 Mem:70.08M (Peak 73.35M) | Time:00:06.09 | Syncing Object_16
Fra:1 Mem:70.16M (Peak 73.35M) | Time:00:06.09 | Syncing Object_20
Fra:1 Mem:70.33M (Peak 73.35M) | Time:00:06.64 | Syncing Object_24
Fra:1 Mem:79.30M (Peak 79.36M) | Time:00:07.67 | Syncing Object_26
Fra:1 Mem:88.43M (Peak 89.48M) | Time:00:08.44 | Syncing Object_36
Fra:1 Mem:93.34M (Peak 96.45M) | Time:00:10.13 | Syncing Object_38
Fra:1 Mem:102.99M (Peak 104.95M) | Time:00:11.11 | Syncing MixamoRig
Fra:1 Mem:103.00M (Peak 104.95M) | Time:00:11.11 | Syncing Object_10
Fra:1 Mem:103.09M (Peak 104.95M) | Time:00:11.11 | Syncing Object_12
Fra:1 Mem:103.17M (Peak 104.95M) | Time:00:11.11 | Syncing Object_18
Fra:1 Mem:103.78M (Peak 104.95M) | Time:00:11.21 | Syncing Object_22
Fra:1 Mem:111.88M (Peak 111.88M) | Time:00:11.99 | Syncing Object_28
Fra:1 Mem:120.09M (Peak 120.09M) | Time:00:12.85 | Syncing Object_30
Fra:1 Mem:120.13M (Peak 120.13M) | Time:00:12.85 | Syncing Object_32
Fra:1 Mem:120.16M (Peak 120.16M) | Time:00:12.85 | Syncing Object_34
Fra:1 Mem:124.97M (Peak 125.73M) | Time:00:13.56 | Syncing Object_40
Fra:1 Mem:124.99M (Peak 125.73M) | Time:00:13.57 | Syncing Object_42
Fra:1 Mem:133.09M (Peak 133.09M) | Time:00:14.39 | Syncing Object_6
Fra:1 Mem:135.29M (Peak 135.29M) | Time:00:14.74 | Syncing Object_8
Fra:1 Mem:144.48M (Peak 145.62M) | Time:00:15.68 | Syncing TheoryPinnedRig
Fra:1 Mem:144.49M (Peak 145.62M) | Time:00:15.68 | Syncing loc
Fra:1 Mem:144.50M (Peak 145.62M) | Time:00:15.69 | Syncing loc.001
Fra:1 Mem:144.51M (Peak 145.62M) | Time:00:15.69 | Syncing loc.002
Fra:1 Mem:144.53M (Peak 145.62M) | Time:00:15.69 | Syncing loc.003
Fra:1 Mem:144.54M (Peak 145.62M) | Time:00:15.69 | Syncing loc.004
Fra:1 Mem:144.55M (Peak 145.62M) | Time:00:15.69 | Syncing loc.005
Fra:1 Mem:144.56M (Peak 145.62M) | Time:00:15.69 | Syncing loc.006
Fra:1 Mem:144.57M (Peak 145.62M) | Time:00:15.69 | Syncing loc.007
Fra:1 Mem:144.58M (Peak 145.62M) | Time:00:15.69 | Syncing loc.008
Fra:1 Mem:144.60M (Peak 145.62M) | Time:00:15.70 | Syncing loc.009
Fra:1 Mem:144.61M (Peak 145.62M) | Time:00:15.70 | Syncing loc.010
Fra:1 Mem:144.62M (Peak 145.62M) | Time:00:15.70 | Syncing loc.011
Fra:1 Mem:144.63M (Peak 145.62M) | Time:00:15.70 | Syncing loc.012
Fra:1 Mem:144.64M (Peak 145.62M) | Time:00:15.70 | Syncing loc.013
Fra:1 Mem:144.66M (Peak 145.62M) | Time:00:15.70 | Syncing loc.014
Fra:1 Mem:144.67M (Peak 145.62M) | Time:00:15.70 | Syncing loc.015
Fra:1 Mem:141.84M (Peak 145.62M) | Time:00:15.74 | Rendering 1 / 24 samples
Fra:1 Mem:134.61M (Peak 145.62M) | Time:00:52.64 | Rendering 24 / 24 samples
Saved: 'public/models/hair/qc/hair_theory_locs_pinned_astrid_front.png'
Time: 00:56.49 (Saving: 00:02.20)

Fra:1 Mem:133.37M (Peak 133.37M) | Time:00:00.57 | Syncing Cube
Fra:1 Mem:133.37M (Peak 133.37M) | Time:00:00.57 | Syncing Camera
Fra:1 Mem:133.37M (Peak 133.37M) | Time:00:00.57 | Syncing Empty
Fra:1 Mem:133.37M (Peak 133.37M) | Time:00:00.58 | Syncing Sketchfab_model
Fra:1 Mem:133.37M (Peak 133.37M) | Time:00:00.58 | Syncing root
Fra:1 Mem:133.37M (Peak 133.37M) | Time:00:00.58 | Syncing GLTF_SceneRootNode
Fra:1 Mem:133.37M (Peak 133.37M) | Time:00:00.58 | Syncing M_A_Pierce_14
Fra:1 Mem:133.37M (Peak 133.37M) | Time:00:00.58 | Syncing M_Body_0
Fra:1 Mem:133.37M (Peak 133.37M) | Time:00:00.58 | Syncing M_Brassiere_15
Fra:1 Mem:133.37M (Peak 133.37M) | Time:00:00.58 | Syncing M_EYE_1
Fra:1 Mem:133.37M (Peak 133.37M) | Time:00:00.58 | Syncing M_Hair_16
Fra:1 Mem:133.37M (Peak 133.37M) | Time:00:00.58 | Syncing M_Head_2
Fra:1 Mem:133.37M (Peak 133.37M) | Time:00:00.58 | Syncing M_Head_Caruncle_3
Fra:1 Mem:133.37M (Peak 133.37M) | Time:00:00.58 | Syncing M_Jacket_17
Fra:1 Mem:133.37M (Peak 133.37M) | Time:00:00.58 | Syncing M_L_A_Acce_18
Fra:1 Mem:133.37M (Peak 133.37M) | Time:00:00.58 | Syncing M_L_Wrist_19
Fra:1 Mem:133.37M (Peak 133.37M) | Time:00:00.58 | Syncing M_MouthBag_4
Fra:1 Mem:133.37M (Peak 133.37M) | Time:00:00.58 | Syncing M_Pierce_8
Fra:1 Mem:133.37M (Peak 133.37M) | Time:00:00.58 | Syncing M_R_Wrist_9
Fra:1 Mem:133.37M (Peak 133.37M) | Time:00:00.58 | Syncing M_Shoes_10
Fra:1 Mem:133.37M (Peak 133.37M) | Time:00:00.58 | Syncing M_Teeth_5
Fra:1 Mem:133.37M (Peak 133.37M) | Time:00:00.58 | Syncing M_Tights_11
Fra:1 Mem:133.37M (Peak 133.37M) | Time:00:00.58 | Syncing M_Tongue_6
Fra:1 Mem:133.37M (Peak 133.37M) | Time:00:00.58 | Syncing M_transB_eyelash_7
Fra:1 Mem:133.37M (Peak 133.37M) | Time:00:00.58 | Syncing M_U_Acce_12
Fra:1 Mem:133.37M (Peak 133.37M) | Time:00:00.58 | Syncing S_Hair_13
Fra:1 Mem:133.38M (Peak 133.38M) | Time:00:00.58 | Syncing Object_4
Fra:1 Mem:136.57M (Peak 140.78M) | Time:00:01.02 | Syncing Object_14
Fra:1 Mem:137.39M (Peak 140.78M) | Time:00:01.04 | Syncing Object_16
Fra:1 Mem:137.46M (Peak 140.78M) | Time:00:01.05 | Syncing Object_20
Fra:1 Mem:137.60M (Peak 140.78M) | Time:00:01.07 | Syncing Object_24
Fra:1 Mem:138.46M (Peak 140.78M) | Time:00:01.14 | Syncing Object_26
Fra:1 Mem:139.45M (Peak 140.78M) | Time:00:01.24 | Syncing Object_36
Fra:1 Mem:140.25M (Peak 140.78M) | Time:00:01.31 | Syncing Object_38
Fra:1 Mem:141.71M (Peak 143.67M) | Time:00:01.51 | Syncing MixamoRig
Fra:1 Mem:141.72M (Peak 143.67M) | Time:00:01.51 | Syncing Object_10
Fra:1 Mem:141.80M (Peak 143.67M) | Time:00:01.51 | Syncing Object_12
Fra:1 Mem:141.88M (Peak 143.67M) | Time:00:01.52 | Syncing Object_18
Fra:1 Mem:141.97M (Peak 143.67M) | Time:00:01.54 | Syncing Object_22
Fra:1 Mem:142.05M (Peak 143.67M) | Time:00:01.55 | Syncing Object_28
Fra:1 Mem:142.24M (Peak 143.67M) | Time:00:01.57 | Syncing Object_30
Fra:1 Mem:142.27M (Peak 143.67M) | Time:00:01.57 | Syncing Object_32
Fra:1 Mem:142.31M (Peak 143.67M) | Time:00:01.58 | Syncing Object_34
Fra:1 Mem:143.08M (Peak 143.83M) | Time:00:01.61 | Syncing Object_40
Fra:1 Mem:143.09M (Peak 143.83M) | Time:00:01.61 | Syncing Object_42
Fra:1 Mem:143.17M (Peak 143.83M) | Time:00:01.62 | Syncing Object_6
Fra:1 Mem:143.35M (Peak 143.83M) | Time:00:01.64 | Syncing Object_8
Fra:1 Mem:144.49M (Peak 145.63M) | Time:00:01.78 | Syncing TheoryPinnedRig
Fra:1 Mem:144.50M (Peak 145.63M) | Time:00:01.78 | Syncing loc
Fra:1 Mem:144.51M (Peak 145.63M) | Time:00:01.78 | Syncing loc.001
Fra:1 Mem:144.52M (Peak 145.63M) | Time:00:01.78 | Syncing loc.002
Fra:1 Mem:144.53M (Peak 145.63M) | Time:00:01.78 | Syncing loc.003
Fra:1 Mem:144.54M (Peak 145.63M) | Time:00:01.78 | Syncing loc.004
Fra:1 Mem:144.56M (Peak 145.63M) | Time:00:01.78 | Syncing loc.005
Fra:1 Mem:144.57M (Peak 145.63M) | Time:00:01.78 | Syncing loc.006
Fra:1 Mem:144.58M (Peak 145.63M) | Time:00:01.79 | Syncing loc.007
Fra:1 Mem:144.59M (Peak 145.63M) | Time:00:01.79 | Syncing loc.008
Fra:1 Mem:144.60M (Peak 145.63M) | Time:00:01.79 | Syncing loc.009
Fra:1 Mem:144.61M (Peak 145.63M) | Time:00:01.79 | Syncing loc.010
Fra:1 Mem:144.62M (Peak 145.63M) | Time:00:01.79 | Syncing loc.011
Fra:1 Mem:144.64M (Peak 145.63M) | Time:00:01.79 | Syncing loc.012
Fra:1 Mem:144.65M (Peak 145.63M) | Time:00:01.79 | Syncing loc.013
Fra:1 Mem:144.66M (Peak 145.63M) | Time:00:01.79 | Syncing loc.014
Fra:1 Mem:144.67M (Peak 145.63M) | Time:00:01.79 | Syncing loc.015
Fra:1 Mem:141.84M (Peak 145.63M) | Time:00:01.85 | Rendering 1 / 24 samples
Fra:1 Mem:134.57M (Peak 145.63M) | Time:00:37.93 | Rendering 24 / 24 samples
Saved: 'public/models/hair/qc/hair_theory_locs_pinned_astrid_side.png'
Time: 00:39.22 (Saving: 00:00.36)

Data are loaded, start creating Blender stuff
glTF import finished in 4.79s
CHAR public/models/cast/ASTRID.glb headbone Head at (-0.0, -0.045, 1.523)
Data are loaded, start creating Blender stuff
glTF import finished in 0.53s
wrote public/models/hair/qc/hair_theory_locs_pinned_astrid_front.png
wrote public/models/hair/qc/hair_theory_locs_pinned_astrid_side.png

Blender quit
