Blender 4.0.2 (hash 9be62e85b727 built 2023-12-05 08:48:50)
Fra:1 Mem:56.29M (Peak 57.99M) | Time:00:00.24 | Mem:0.00M, Peak:0.00M | Scene, ViewLayer | Synchronizing object | drape
Fra:1 Mem:58.33M (Peak 58.33M) | Time:00:00.25 | Mem:0.00M, Peak:0.00M | Scene, ViewLayer | Synchronizing object | peak
Fra:1 Mem:58.34M (Peak 58.34M) | Time:00:00.25 | Mem:0.00M, Peak:0.00M | Scene, ViewLayer | Synchronizing object | hood
Fra:1 Mem:58.54M (Peak 58.54M) | Time:00:00.25 | Mem:0.00M, Peak:0.00M | Scene, ViewLayer | Synchronizing object | Cube
Fra:1 Mem:58.54M (Peak 58.54M) | Time:00:00.25 | Mem:0.00M, Peak:0.00M | Scene, ViewLayer | Synchronizing object | Object_4
Fra:1 Mem:60.39M (Peak 61.18M) | Time:00:00.26 | Mem:0.00M, Peak:0.00M | Scene, ViewLayer | Synchronizing object | Object_8
Fra:1 Mem:64.01M (Peak 65.19M) | Time:00:00.34 | Mem:0.00M, Peak:0.00M | Scene, ViewLayer | Synchronizing object | Object_6
Fra:1 Mem:64.22M (Peak 65.19M) | Time:00:00.35 | Mem:0.00M, Peak:0.00M | Scene, ViewLayer | Synchronizing object | Object_42
Fra:1 Mem:64.31M (Peak 65.19M) | Time:00:00.36 | Mem:0.00M, Peak:0.00M | Scene, ViewLayer | Synchronizing object | Object_40
Fra:1 Mem:64.32M (Peak 65.19M) | Time:00:00.36 | Mem:0.00M, Peak:0.00M | Scene, ViewLayer | Synchronizing object | Object_34
Fra:1 Mem:63.14M (Peak 65.32M) | Time:00:00.42 | Mem:0.00M, Peak:0.00M | Scene, ViewLayer | Synchronizing object | Object_32
Fra:1 Mem:63.17M (Peak 65.32M) | Time:00:00.42 | Mem:0.00M, Peak:0.00M | Scene, ViewLayer | Synchronizing object | Object_30
Fra:1 Mem:63.68M (Peak 65.32M) | Time:00:00.43 | Mem:0.00M, Peak:0.00M | Scene, ViewLayer | Synchronizing object | Object_28
Fra:1 Mem:68.88M (Peak 68.91M) | Time:00:00.45 | Mem:0.00M, Peak:0.00M | Scene, ViewLayer | Synchronizing object | Object_22
Fra:1 Mem:69.23M (Peak 69.23M) | Time:00:00.46 | Mem:0.00M, Peak:0.00M | Scene, ViewLayer | Synchronizing object | Object_18
Fra:1 Mem:69.32M (Peak 69.32M) | Time:00:00.48 | Mem:0.00M, Peak:0.00M | Scene, ViewLayer | Synchronizing object | Object_12
Fra:1 Mem:69.38M (Peak 69.38M) | Time:00:00.49 | Mem:0.00M, Peak:0.00M | Scene, ViewLayer | Synchronizing object | Object_10
Fra:1 Mem:69.46M (Peak 69.46M) | Time:00:00.49 | Mem:0.00M, Peak:0.00M | Scene, ViewLayer | Synchronizing object | Object_38
Fra:1 Mem:70.03M (Peak 71.22M) | Time:00:00.54 | Mem:0.00M, Peak:0.00M | Scene, ViewLayer | Synchronizing object | Object_14
Fra:1 Mem:70.87M (Peak 71.33M) | Time:00:00.63 | Mem:0.00M, Peak:0.00M | Scene, ViewLayer | Synchronizing object | Object_36
Fra:1 Mem:70.10M (Peak 71.33M) | Time:00:00.64 | Mem:0.00M, Peak:0.00M | Scene, ViewLayer | Synchronizing object | Object_16
Fra:1 Mem:70.17M (Peak 71.33M) | Time:00:00.64 | Mem:0.00M, Peak:0.00M | Scene, ViewLayer | Synchronizing object | Object_20
Fra:1 Mem:71.07M (Peak 71.33M) | Time:00:00.68 | Mem:0.00M, Peak:0.00M | Scene, ViewLayer | Synchronizing object | Object_24
Fra:1 Mem:71.93M (Peak 72.07M) | Time:00:00.69 | Mem:0.00M, Peak:0.00M | Scene, ViewLayer | Synchronizing object | Object_26
Fra:1 Mem:73.28M (Peak 74.94M) | Time:00:00.81 | Mem:0.00M, Peak:0.00M | Scene, ViewLayer | Initializing
Fra:1 Mem:70.28M (Peak 74.94M) | Time:00:00.81 | Mem:0.00M, Peak:0.00M | Scene, ViewLayer | Updating Images | Loading Image_5
Fra:1 Mem:70.28M (Peak 74.94M) | Time:00:00.81 | Mem:0.00M, Peak:0.00M | Scene, ViewLayer | Updating Images | Loading Image_0
Fra:1 Mem:76.29M (Peak 80.29M) | Time:00:00.96 | Mem:2.00M, Peak:2.00M | Scene, ViewLayer | Updating Images | Loading Image_1
Fra:1 Mem:78.29M (Peak 86.30M) | Time:00:01.04 | Mem:6.00M, Peak:6.00M | Scene, ViewLayer | Updating Images | Loading Image_4
Fra:1 Mem:82.29M (Peak 86.30M) | Time:00:01.05 | Mem:8.00M, Peak:8.00M | Scene, ViewLayer | Updating Images | Loading Image_9
Fra:1 Mem:90.30M (Peak 102.31M) | Time:00:01.24 | Mem:12.00M, Peak:12.00M | Scene, ViewLayer | Updating Images | Loading Image_3
Fra:1 Mem:86.29M (Peak 102.31M) | Time:00:01.24 | Mem:16.00M, Peak:16.00M | Scene, ViewLayer | Updating Images | Loading Image_10
Fra:1 Mem:91.29M (Peak 102.31M) | Time:00:01.30 | Mem:17.00M, Peak:17.00M | Scene, ViewLayer | Updating Images | Loading Image_2
Fra:1 Mem:92.29M (Peak 102.31M) | Time:00:01.40 | Mem:18.00M, Peak:18.00M | Scene, ViewLayer | Updating Images | Loading Image_21
Fra:1 Mem:96.29M (Peak 104.30M) | Time:00:01.69 | Mem:22.00M, Peak:22.00M | Scene, ViewLayer | Updating Images | Loading Image_11
Fra:1 Mem:100.29M (Peak 108.30M) | Time:00:01.86 | Mem:26.00M, Peak:26.00M | Scene, ViewLayer | Updating Images | Loading Image_20
Fra:1 Mem:104.29M (Peak 112.30M) | Time:00:01.94 | Mem:30.00M, Peak:30.00M | Scene, ViewLayer | Updating Images | Loading Image_12
Fra:1 Mem:108.29M (Peak 116.30M) | Time:00:02.04 | Mem:34.00M, Peak:34.00M | Scene, ViewLayer | Updating Images | Loading Image_17
Fra:1 Mem:110.29M (Peak 118.30M) | Time:00:02.16 | Mem:38.00M, Peak:38.00M | Scene, ViewLayer | Updating Images | Loading Image_15
Fra:1 Mem:114.29M (Peak 118.30M) | Time:00:02.19 | Mem:40.00M, Peak:40.00M | Scene, ViewLayer | Updating Images | Loading Image_16
Fra:1 Mem:116.29M (Peak 120.30M) | Time:00:02.37 | Mem:42.00M, Peak:42.00M | Scene, ViewLayer | Updating Images | Loading Image_14
Fra:1 Mem:120.29M (Peak 128.30M) | Time:00:02.48 | Mem:46.00M, Peak:46.00M | Scene, ViewLayer | Updating Images | Loading Image_18
Fra:1 Mem:132.30M (Peak 140.31M) | Time:00:03.05 | Mem:50.00M, Peak:50.00M | Scene, ViewLayer | Updating Images | Loading Image_13
Fra:1 Mem:128.29M (Peak 140.31M) | Time:00:03.08 | Mem:54.00M, Peak:54.00M | Scene, ViewLayer | Updating Images | Loading Image_19
Fra:1 Mem:132.29M (Peak 140.31M) | Time:00:03.33 | Mem:58.00M, Peak:58.00M | Scene, ViewLayer | Updating Images | Loading Image_8
Fra:1 Mem:136.29M (Peak 144.30M) | Time:00:03.49 | Mem:62.00M, Peak:62.00M | Scene, ViewLayer | Updating Images | Loading Image_7
Fra:1 Mem:140.29M (Peak 148.30M) | Time:00:03.51 | Mem:66.00M, Peak:66.00M | Scene, ViewLayer | Updating Images | Loading Image_6
Fra:1 Mem:136.41M (Peak 148.80M) | Time:00:03.65 | Mem:70.50M, Peak:70.50M | Scene, ViewLayer | Waiting for render to start
Fra:1 Mem:136.41M (Peak 148.80M) | Time:00:03.65 | Mem:70.50M, Peak:70.50M | Scene, ViewLayer | Loading render kernels (may take a few minutes the first time)
Fra:1 Mem:136.41M (Peak 148.80M) | Time:00:03.65 | Mem:70.50M, Peak:70.50M | Scene, ViewLayer | Updating Scene
Fra:1 Mem:136.41M (Peak 148.80M) | Time:00:03.65 | Mem:70.50M, Peak:70.50M | Scene, ViewLayer | Updating Shaders
Fra:1 Mem:136.51M (Peak 148.80M) | Time:00:03.65 | Mem:70.51M, Peak:70.51M | Scene, ViewLayer | Updating Procedurals
Fra:1 Mem:136.51M (Peak 148.80M) | Time:00:03.65 | Mem:70.51M, Peak:70.51M | Scene, ViewLayer | Updating Background
Fra:1 Mem:136.51M (Peak 148.80M) | Time:00:03.65 | Mem:70.51M, Peak:70.51M | Scene, ViewLayer | Updating Camera
Fra:1 Mem:136.51M (Peak 148.80M) | Time:00:03.65 | Mem:70.51M, Peak:70.51M | Scene, ViewLayer | Updating Meshes Flags
Fra:1 Mem:136.51M (Peak 148.80M) | Time:00:03.65 | Mem:70.51M, Peak:70.51M | Scene, ViewLayer | Updating Objects
Fra:1 Mem:136.51M (Peak 148.80M) | Time:00:03.65 | Mem:70.51M, Peak:70.51M | Scene, ViewLayer | Updating Objects | Copying Transformations to device
Fra:1 Mem:136.51M (Peak 148.80M) | Time:00:03.65 | Mem:70.52M, Peak:70.52M | Scene, ViewLayer | Updating Objects | Applying Static Transformations
Fra:1 Mem:136.51M (Peak 148.80M) | Time:00:03.65 | Mem:70.52M, Peak:70.52M | Scene, ViewLayer | Updating Particle Systems
Fra:1 Mem:136.51M (Peak 148.80M) | Time:00:03.65 | Mem:70.52M, Peak:70.52M | Scene, ViewLayer | Updating Particle Systems | Copying Particles to device
Fra:1 Mem:136.51M (Peak 148.80M) | Time:00:03.65 | Mem:70.52M, Peak:70.52M | Scene, ViewLayer | Updating Meshes
Fra:1 Mem:137.81M (Peak 148.80M) | Time:00:03.69 | Mem:70.52M, Peak:70.52M | Scene, ViewLayer | Updating Mesh | Computing attributes
Fra:1 Mem:143.96M (Peak 148.80M) | Time:00:03.71 | Mem:70.52M, Peak:70.52M | Scene, ViewLayer | Updating Mesh | Copying Attributes to device
Fra:1 Mem:143.95M (Peak 148.80M) | Time:00:03.71 | Mem:76.66M, Peak:76.66M | Scene, ViewLayer | Updating Scene BVH | Building
Fra:1 Mem:143.95M (Peak 148.80M) | Time:00:03.71 | Mem:76.66M, Peak:76.66M | Scene, ViewLayer | Updating Scene BVH | Building BVH
Fra:1 Mem:143.95M (Peak 148.80M) | Time:00:03.77 | Mem:79.26M, Peak:79.26M | Scene, ViewLayer | Updating Scene BVH | Building BVH 0%
Fra:1 Mem:143.95M (Peak 148.80M) | Time:00:04.03 | Mem:81.98M, Peak:81.98M | Scene, ViewLayer | Updating Scene BVH | Building BVH 46%
Fra:1 Mem:143.95M (Peak 148.80M) | Time:00:04.21 | Mem:82.09M, Peak:84.70M | Scene, ViewLayer | Updating Scene BVH | Copying BVH to device
Fra:1 Mem:143.95M (Peak 148.80M) | Time:00:04.21 | Mem:82.09M, Peak:84.70M | Scene, ViewLayer | Updating Mesh | Computing normals
Fra:1 Mem:149.97M (Peak 149.97M) | Time:00:04.25 | Mem:82.09M, Peak:84.70M | Scene, ViewLayer | Updating Mesh | Copying Mesh to device
Fra:1 Mem:149.97M (Peak 149.97M) | Time:00:04.25 | Mem:88.11M, Peak:88.11M | Scene, ViewLayer | Updating Objects Flags
Fra:1 Mem:149.97M (Peak 149.97M) | Time:00:04.25 | Mem:88.11M, Peak:88.11M | Scene, ViewLayer | Updating Primitive Offsets
Fra:1 Mem:149.97M (Peak 149.97M) | Time:00:04.25 | Mem:88.11M, Peak:88.11M | Scene, ViewLayer | Updating Images
Fra:1 Mem:149.97M (Peak 149.97M) | Time:00:04.25 | Mem:88.11M, Peak:88.11M | Scene, ViewLayer | Updating Camera Volume
Fra:1 Mem:149.97M (Peak 149.97M) | Time:00:04.25 | Mem:88.11M, Peak:88.11M | Scene, ViewLayer | Updating Lookup Tables
Fra:1 Mem:149.97M (Peak 149.97M) | Time:00:04.25 | Mem:88.20M, Peak:88.20M | Scene, ViewLayer | Updating Lights
Fra:1 Mem:149.97M (Peak 149.97M) | Time:00:04.25 | Mem:88.20M, Peak:88.20M | Scene, ViewLayer | Updating Lights | Computing distribution
Fra:1 Mem:149.97M (Peak 149.97M) | Time:00:04.25 | Mem:88.20M, Peak:88.20M | Scene, ViewLayer | Updating Lights | Computing tree
Fra:1 Mem:149.97M (Peak 149.97M) | Time:00:04.25 | Mem:88.20M, Peak:88.20M | Scene, ViewLayer | Updating Integrator
Fra:1 Mem:150.97M (Peak 150.97M) | Time:00:04.26 | Mem:89.20M, Peak:89.20M | Scene, ViewLayer | Updating Film
Fra:1 Mem:150.98M (Peak 150.98M) | Time:00:04.27 | Mem:89.12M, Peak:89.20M | Scene, ViewLayer | Updating Lookup Tables
Fra:1 Mem:150.98M (Peak 150.98M) | Time:00:04.27 | Mem:89.20M, Peak:89.20M | Scene, ViewLayer | Updating Baking
Fra:1 Mem:150.98M (Peak 150.98M) | Time:00:04.27 | Mem:89.20M, Peak:89.20M | Scene, ViewLayer | Updating Device | Writing constant memory
Fra:1 Mem:150.98M (Peak 150.98M) | Time:00:04.27 | Mem:89.20M, Peak:89.20M | Scene, ViewLayer | Sample 0/16
Fra:1 Mem:159.99M (Peak 159.99M) | Time:00:06.05 | Remaining:00:26.70 | Mem:98.21M, Peak:98.21M | Scene, ViewLayer | Sample 1/16
