GHOST/Wayland: error: XDG_RUNTIME_DIR is invalid or not set in the environment.
/home/hatch/workspace/tools/blender/blender-4.0.2-linux-x64/blender() [0xf3a7b0]
/lib/x86_64-linux-gnu/libwayland-client.so.0(+0x598e) [0x7ce4deed898e]
/lib/x86_64-linux-gnu/libwayland-client.so.0(wl_display_connect+0x36f) [0x7ce4deeddaef]
/home/hatch/workspace/tools/blender/blender-4.0.2-linux-x64/blender() [0x27c5d4a]
/home/hatch/workspace/tools/blender/blender-4.0.2-linux-x64/blender() [0x27b0d8e]
/home/hatch/workspace/tools/blender/blender-4.0.2-linux-x64/blender() [0x27b0ebc]
/home/hatch/workspace/tools/blender/blender-4.0.2-linux-x64/blender() [0x27af449]
/home/hatch/workspace/tools/blender/blender-4.0.2-linux-x64/blender() [0xf792f5]
/home/hatch/workspace/tools/blender/blender-4.0.2-linux-x64/blender() [0xf61ca5]
/home/hatch/workspace/tools/blender/blender-4.0.2-linux-x64/blender() [0x111f935]
/home/hatch/workspace/tools/blender/blender-4.0.2-linux-x64/blender() [0x1cf0dd9]
/home/hatch/workspace/tools/blender/blender-4.0.2-linux-x64/blender() [0x1cf1877]
/home/hatch/workspace/tools/blender/blender-4.0.2-linux-x64/blender() [0x1cf5b84]
/home/hatch/workspace/tools/blender/blender-4.0.2-linux-x64/blender() [0x1cf8874]
/home/hatch/workspace/tools/blender/blender-4.0.2-linux-x64/blender() [0x1cf91a9]
/home/hatch/workspace/tools/blender/blender-4.0.2-linux-x64/blender() [0x1b7d921]
/home/hatch/workspace/tools/blender/blender-4.0.2-linux-x64/blender() [0xf4faaa]
/home/hatch/workspace/tools/blender/blender-4.0.2-linux-x64/blender() [0xf50628]
/home/hatch/workspace/tools/blender/blender-4.0.2-linux-x64/blender() [0x1543a97]
/home/hatch/workspace/tools/blender/blender-4.0.2-linux-x64/blender() [0x83dc50]
/home/hatch/workspace/tools/blender/blender-4.0.2-linux-x64/blender(_PyObject_MakeTpCall+0x7b) [0x81868b]
/home/hatch/workspace/tools/blender/blender-4.0.2-linux-x64/blender(_PyEval_EvalFrameDefault+0x53cc) [0x87925c]
/home/hatch/workspace/tools/blender/blender-4.0.2-linux-x64/blender() [0x8730a2]
/home/hatch/workspace/tools/blender/blender-4.0.2-linux-x64/blender(_PyObject_Call_Prepend+0x1c8) [0x8192f8]
/home/hatch/workspace/tools/blender/blender-4.0.2-linux-x64/blender() [0x850af00]
/home/hatch/workspace/tools/blender/blender-4.0.2-linux-x64/blender(_PyObject_MakeTpCall+0x216) [0x818826]
/home/hatch/workspace/tools/blender/blender-4.0.2-linux-x64/blender(_PyEval_EvalFrameDefault+0x5c08) [0x879a98]
/home/hatch/workspace/tools/blender/blender-4.0.2-linux-x64/blender() [0x8730a2]
/home/hatch/workspace/tools/blender/blender-4.0.2-linux-x64/blender(PyEval_EvalCode+0x82) [0x8519852]
/home/hatch/workspace/tools/blender/blender-4.0.2-linux-x64/blender() [0x852d154]
/home/hatch/workspace/tools/blender/blender-4.0.2-linux-x64/blender() [0x852d0db]
/home/hatch/workspace/tools/blender/blender-4.0.2-linux-x64/blender() [0x6b9502]
/home/hatch/workspace/tools/blender/blender-4.0.2-linux-x64/blender(PyRun_FileExFlags+0x50) [0x6ba7b1]
/home/hatch/workspace/tools/blender/blender-4.0.2-linux-x64/blender() [0x152ac41]
/home/hatch/workspace/tools/blender/blender-4.0.2-linux-x64/blender() [0x8c19c5]
/home/hatch/workspace/tools/blender/blender-4.0.2-linux-x64/blender() [0xf41b31]
/home/hatch/workspace/tools/blender/blender-4.0.2-linux-x64/blender() [0x72518f]
/lib/x86_64-linux-gnu/libc.so.6(+0x2a1ca) [0x7ce4e0d991ca]
/lib/x86_64-linux-gnu/libc.so.6(__libc_start_main+0x8b) [0x7ce4e0d9928b]
/home/hatch/workspace/tools/blender/blender-4.0.2-linux-x64/blender() [0x8c022e]
Couldn't open libEGL.so.1: libEGL.so.1: cannot open shared object file: No such file or directory
